[dotenv@17.2.3] injecting env (0) from ..\..\.env -- tip: ≡ƒôí add observability to secrets: https://dotenvx.com/ops
[dotenv@17.2.3] injecting env (3) from .env -- tip: ≡ƒöä add secrets lifecycle management: https://dotenvx.com/ops
[dotenv@17.2.3] injecting env (0) from .env -- tip: ΓÜÖ∩╕Å  suppress all logs with { quiet: true }
[dotenv@17.2.3] injecting env (0) from .env -- tip: ΓÜÖ∩╕Å  load multiple .env files with { path: ['.env.local', '.env'] }
[dotenv@17.2.3] injecting env (0) from .env -- tip: ≡ƒæÑ sync secrets across teammates & machines: https://dotenvx.com/ops
--- STARTING LOYALTY REPRODUCTION TEST (ROBUST) ---
node : (node:45452) Warning: SECURITY WARNING: The SSL modes 'prefer', 'require', and 
'verify-ca' are treated as aliases for 'verify-full'.
At line:1 char:1
+ node reproduce_issue.js > test_output.txt 2>&1
+ ~~~~~~~~~~~~~~~~~~~~~~~~~~~~~~~~~~~~~~~~~~~~~~
    + CategoryInfo          : NotSpecified: ((node:45452) Wa... 'verify-full'.:String) [],  
   RemoteException
    + FullyQualifiedErrorId : NativeCommandError
 
In the next major version (pg-connection-string v3.0.0 and pg v9.0.0), these modes will 
adopt standard libpq semantics, which have weaker security guarantees.

To prepare for this change:
- If you want the current behavior, explicitly use 'sslmode=verify-full'
- If you want libpq compatibility now, use 'uselibpqcompat=true&sslmode=require'

See https://www.postgresql.org/docs/current/libpq-ssl.html for libpq SSL mode definitions.
(Use `node --trace-warnings ...` to show where the warning was created)
Using Restaurant: "test1"
Test Loyalty ID: test_user_1770293262427

1. Checking Initial Status...
Initial Status: { totalVisits: 0, ordersInCurrentVisit: 0, sessionIsValid: false }

2. Submitting Order...
[SubmitOrder] Incrementing orders for visitor 582b1ac4-2770-4bba-b031-26046cb15779
Submit Result: 201 {
  success: true,
  orderId: 340,
  message: 'Order placed successfully',
  checkoutUrl: null
}

3. DB Verification:
Visitor Record: {
  orders_in_current_session: 1,
  visit_count: 0,
  last_session_at: 2026-02-05T12:07:42.677Z
}
Γ£à SUCCESS: orders_in_current_session incremented correctly.

4. Checking Status After Order (Immediate)...
Immediate Status: { ordersInCurrentVisit: 1 }
Γ£à SUCCESS: API reflects the order count.
